// Vitest Snapshot v1, https://vitest.dev/guide/snapshot.html

exports[`Pagination component > renders correctly (snapshot) 1`] = `
<DocumentFragment>
  <div
    class="bg-stone-50 p-2 flex flex-col justify-center gap-1 items-center rounded-xl"
    data-testid="wrapper"
  >
    <div
      class="flex gap-1"
    >
      <button
        class="text-md font-bold bg-stone-300 rounded-md py-1 px-5 hover:bg-stone-700 hover:text-stone-200 transition-colors duration-500 capitalize hover:cursor-pointer disabled:bg-stone-100 disabled:text-stone-500 disabled:cursor-auto"
        data-testid="prev"
      >
        Prev
      </button>
      <span
        class="text-md font-bold bg-stone-200 rounded-md py-1 px-5 capitalize text-stone-600"
        data-testid="page"
      >
        2
      </span>
      <button
        class="text-md font-bold bg-stone-300 rounded-md py-1 px-5 hover:bg-stone-700 hover:text-stone-200 transition-colors duration-500 capitalize hover:cursor-pointer disabled:bg-stone-100 disabled:text-stone-500 disabled:cursor-auto"
        data-testid="next"
      >
        Next
      </button>
    </div>
    <span>
      Total page: 10
    </span>
  </div>
</DocumentFragment>
`;
